// Jest Snapshot v1, https://goo.gl/fbAQLP

exports[`Counter component Renders without crashing 1`] = `
ReactWrapper {
  Symbol(enzyme.__unrendered__): <State />,
  Symbol(enzyme.__renderer__): Object {
    "batchedUpdates": [Function],
    "getNode": [Function],
    "render": [Function],
    "simulateError": [Function],
    "simulateEvent": [Function],
    "unmount": [Function],
  },
  Symbol(enzyme.__root__): [Circular],
  Symbol(enzyme.__node__): Object {
    "instance": null,
    "key": undefined,
    "nodeType": "function",
    "props": Object {},
    "ref": null,
    "rendered": Object {
      "instance": <div>
        <p>
          1
        </p>
        <button>
          Increase
        </button>
      </div>,
      "key": undefined,
      "nodeType": "host",
      "props": Object {
        "children": Array [
          <p>
            1
          </p>,
          <button
            onClick={[Function]}
          >
            Increase
          </button>,
        ],
      },
      "ref": null,
      "rendered": Array [
        Object {
          "instance": <p>
            1
          </p>,
          "key": undefined,
          "nodeType": "host",
          "props": Object {
            "children": 1,
          },
          "ref": null,
          "rendered": Array [
            1,
          ],
          "type": "p",
        },
        Object {
          "instance": <button>
            Increase
          </button>,
          "key": undefined,
          "nodeType": "host",
          "props": Object {
            "children": "Increase",
            "onClick": [Function],
          },
          "ref": null,
          "rendered": Array [
            "Increase",
          ],
          "type": "button",
        },
      ],
      "type": "div",
    },
    "type": [Function],
  },
  Symbol(enzyme.__nodes__): Array [
    Object {
      "instance": null,
      "key": undefined,
      "nodeType": "function",
      "props": Object {},
      "ref": null,
      "rendered": Object {
        "instance": <div>
          <p>
            1
          </p>
          <button>
            Increase
          </button>
        </div>,
        "key": undefined,
        "nodeType": "host",
        "props": Object {
          "children": Array [
            <p>
              1
            </p>,
            <button
              onClick={[Function]}
            >
              Increase
            </button>,
          ],
        },
        "ref": null,
        "rendered": Array [
          Object {
            "instance": <p>
              1
            </p>,
            "key": undefined,
            "nodeType": "host",
            "props": Object {
              "children": 1,
            },
            "ref": null,
            "rendered": Array [
              1,
            ],
            "type": "p",
          },
          Object {
            "instance": <button>
              Increase
            </button>,
            "key": undefined,
            "nodeType": "host",
            "props": Object {
              "children": "Increase",
              "onClick": [Function],
            },
            "ref": null,
            "rendered": Array [
              "Increase",
            ],
            "type": "button",
          },
        ],
        "type": "div",
      },
      "type": [Function],
    },
  ],
  Symbol(enzyme.__options__): Object {
    "adapter": ReactSixteenAdapter {
      "options": Object {
        "enableComponentDidUpdateOnSetState": true,
        "legacyContextMode": "parent",
        "lifecycles": Object {
          "componentDidUpdate": Object {
            "onSetState": true,
          },
          "getChildContext": Object {
            "calledByRenderer": false,
          },
          "getDerivedStateFromProps": true,
          "getSnapshotBeforeUpdate": true,
          "setState": Object {
            "skipsComponentDidUpdateOnNullish": true,
          },
        },
      },
    },
  },
}
`;
